=== TESTING /api/health ===
STATUS CODE: 200
JSON: {'status': 'online', 'has_tiktoken': True, 'has_transformers': True}

=== TESTING /api/tokenize ===
STATUS CODE: 200
CHAR COUNT: 36
TOKENIZERS KEY LIST: ['cl100k_base', 'o200k_base', 'llama', 'bert']
CL100K_BASE TOKENS: ['Hello', ' World', '!', ' ', '', '🚀', ' Hindi', ':', ' ', 'आ', 'प', 'क', 'ा', ' ', 'ब', '', 'ै', 'ं', 'क', ' ', 'ख', 'ा', 'त', 'ा']
LLAMA TOKENS: ['▁Hello', '▁World', '!', '▁', '<0xF0>', '<0x9F>', '<0x9A>', '<0x80>', '▁H', 'indi', ':', '▁', 'आ', 'प', 'क', 'ा', '▁', 'ब', 'ै', 'ं', 'क', '▁', 'ख', 'ा', 'त', 'ा']
BERT TOKENS: ['hello', 'world', '!', '[UNK]', 'hindi', ':', 'आ', '##प', '##क', '##ा', 'ब', '##क', 'ख', '##ा', '##त', '##ा']

=== TESTING /api/ai/explain ===
STATUS CODE: 200
JSON: {'explanation': "### 📊 Local Heuristic Diagnostic Report\n*(Note: Offline heuristic mode active. Enter an OpenAI API key in settings to unlock automated AI refactoring and recommendations.)*\n\n- **✅ Layout Efficiency:** Whitespace characters occupy only a small fraction of your text. No major indentation compaction is needed.\n- **🚨 Severe Token Inflation Detected (36.1%):** Found 13 non-ASCII multi-byte characters. Because standard LLM tokenizers (BPE, SentencePiece) are trained primarily on English web text, non-Latin scripts (Hindi, Bengali, Cyrillic, Arabic, etc.) do not have single-token vocabulary entries. Each multi-byte character gets forced to split into 2-4 individual byte-tokens! This consumes your prompt context window **3x to 5x faster** than English, scaling your costs exponentially.\n- **⚡ Emoji Splitting (1 found):** Emojis are complex 4-byte Unicode characters. Standard BPE tokenizers (like GPT-4's `cl100k`) almost always slice single emojis into 2 to 4 numeric sub-tokens. **Optimization:** Minimize emoji density in critical developer prompts to preserve token budgets.\n\n**💡 Summary Recommendation:**\nIf deploying in multi-lingual systems, consider using modern tokenizers like **GPT-4o (o200k_base)** or **LLaMA 3**, which have upgraded, larger vocabularies specifically designed to reduce non-English token inflation.", 'isAI': False}